<testsuites name="jest tests" tests="4" failures="0" time="5.467">
  <testsuite name="undefined" errors="0" failures="0" skipped="0" timestamp="2022-10-03T03:10:46" time="5.467" tests="4">
    <testcase classname=" Initial articles render correctly" name=" Initial articles render correctly" time="0.036">
    </testcase>
    <testcase classname=" Clicking on top renders expected articles" name=" Clicking on top renders expected articles" time="0.015">
    </testcase>
    <testcase classname=" Clicking on newest renders expected articles" name=" Clicking on newest renders expected articles" time="0.015">
    </testcase>
    <testcase classname=" Sequence of navigation clicks renders expected artices" name=" Sequence of navigation clicks renders expected artices" time="0.024">
    </testcase>
  </testsuite>
</testsuites>